============================================================
🚀 Iniciando coleta | Data: 2026-05-20
============================================================

📊 Coletando: Raíssa Herculano (17841401847160442)
   Seguidores: 57,259
   Stories ativos: 10 | ↗️ 2 encaminh. | 💬 19 DMs
    0D → ❤️ 0 | 🔖 0 | ↗️ 0 | Posts:0 Stories:10 Reels:0
    1D → ❤️ 0 | 🔖 0 | ↗️ 0 | Posts:0 Stories:10 Reels:0
    7D → ❤️ 201 | 🔖 10 | ↗️ 35 | Posts:0 Stories:— Reels:2
   14D → ❤️ 531 | 🔖 35 | ↗️ 85 | Posts:0 Stories:— Reels:5
   30D → ❤️ 1,278 | 🔖 91 | ↗️ 142 | Posts:1 Stories:— Reels:11
   📋 22 campanhas sincronizadas (20 ativas)
   📊 15 campanhas salvas em campaign_insights (0D)
   📊 18 campanhas salvas em campaign_insights (1D)
   📊 19 campanhas salvas em campaign_insights (7D)
   📊 20 campanhas salvas em campaign_insights (14D)
   📊 25 campanhas salvas em campaign_insights (30D)

📊 Coletando: Breno Vale (17841401284454639)
   Seguidores: 22,375
   Stories ativos: 5 | ↗️ 7 encaminh. | 💬 13 DMs
    0D → ❤️ 31 | 🔖 3 | ↗️ 5 | Posts:0 Stories:5 Reels:1
    1D → ❤️ 102 | 🔖 12 | ↗️ 12 | Posts:0 Stories:5 Reels:2
    7D → ❤️ 133 | 🔖 15 | ↗️ 17 | Posts:0 Stories:— Reels:3
   14D → ❤️ 133 | 🔖 15 | ↗️ 17 | Posts:0 Stories:— Reels:3
   30D → ❤️ 133 | 🔖 15 | ↗️ 17 | Posts:0 Stories:— Reels:3
   📋 17 campanhas sincronizadas (17 ativas)
   📊 17 campanhas salvas em campaign_insights (0D)
   📊 17 campanhas salvas em campaign_insights (1D)
   📊 17 campanhas salvas em campaign_insights (7D)
   📊 17 campanhas salvas em campaign_insights (14D)
   📊 22 campanhas salvas em campaign_insights (30D)

📊 Coletando: Mantova Móveis (17841406451230767)
   Seguidores: 13,031
   Stories ativos: 0 | ↗️ 0 encaminh. | 💬 0 DMs
    0D → ❤️ 0 | 🔖 0 | ↗️ 0 | Posts:0 Stories:0 Reels:0
    1D → ❤️ 0 | 🔖 0 | ↗️ 0 | Posts:0 Stories:0 Reels:0
    7D → ❤️ 0 | 🔖 0 | ↗️ 0 | Posts:0 Stories:— Reels:0
   14D → ❤️ 0 | 🔖 0 | ↗️ 0 | Posts:0 Stories:— Reels:0
   30D → ❤️ 55 | 🔖 1 | ↗️ 4 | Posts:0 Stories:— Reels:1

📊 Coletando: La Vessel (17841462952561833)
   Seguidores: 13,908
   Stories ativos: 0 | ↗️ 0 encaminh. | 💬 0 DMs
    0D → ❤️ 0 | 🔖 0 | ↗️ 0 | Posts:0 Stories:0 Reels:0
    1D → ❤️ 0 | 🔖 0 | ↗️ 0 | Posts:0 Stories:0 Reels:0
    7D → ❤️ 0 | 🔖 0 | ↗️ 0 | Posts:0 Stories:— Reels:0
   14D → ❤️ 0 | 🔖 0 | ↗️ 0 | Posts:0 Stories:— Reels:0
   30D → ❤️ 0 | 🔖 0 | ↗️ 0 | Posts:0 Stories:— Reels:0
   📋 91 campanhas sincronizadas (0 ativas)
   📊 1 campanhas salvas em campaign_insights (0D)
   📊 1 campanhas salvas em campaign_insights (1D)
   📊 1 campanhas salvas em campaign_insights (7D)
   📊 2 campanhas salvas em campaign_insights (14D)
   📊 11 campanhas salvas em campaign_insights (30D)

📊 Coletando: Motoeasy (17841464138609037)
   Seguidores: 9,276
   Stories ativos: 0 | ↗️ 0 encaminh. | 💬 0 DMs
    0D → ❤️ 0 | 🔖 0 | ↗️ 0 | Posts:0 Stories:0 Reels:0
    1D → ❤️ 0 | 🔖 0 | ↗️ 0 | Posts:0 Stories:0 Reels:0
    7D → ❤️ 0 | 🔖 0 | ↗️ 0 | Posts:0 Stories:— Reels:0
   14D → ❤️ 0 | 🔖 0 | ↗️ 0 | Posts:0 Stories:— Reels:0
   30D → ❤️ 0 | 🔖 0 | ↗️ 0 | Posts:0 Stories:— Reels:0
   📋 5 campanhas sincronizadas (3 ativas)
   📊 3 campanhas salvas em campaign_insights (0D)
   📊 3 campanhas salvas em campaign_insights (1D)
   📊 3 campanhas salvas em campaign_insights (7D)
   📊 3 campanhas salvas em campaign_insights (14D)
   📊 4 campanhas salvas em campaign_insights (30D)

🔄 Renovando tokens do Instagram...
   ✅ TOKEN_RAISSA renovado
   ✅ TOKEN_BRENO renovado
   ✅ TOKEN_MANTOVA renovado
   ✅ TOKEN_VESSEL renovado
   ✅ TOKEN_MOTOEASY renovado
   📝 .env atualizado com tokens renovados

✅ Concluído!
============================================================
🚀 Iniciando coleta | Data: 2026-05-20
============================================================

📊 Coletando: Raíssa Herculano (17841401847160442)
   Seguidores: 57,286
   Stories ativos: 10 | ↗️ 6 encaminh. | 💬 27 DMs
    0D → ❤️ 0 | 🔖 0 | ↗️ 0 | Posts:0 Stories:10 Reels:0
    1D → ❤️ 0 | 🔖 0 | ↗️ 0 | Posts:0 Stories:10 Reels:0
    7D → ❤️ 202 | 🔖 10 | ↗️ 35 | Posts:0 Stories:— Reels:2
   14D → ❤️ 534 | 🔖 36 | ↗️ 85 | Posts:0 Stories:— Reels:5
   30D → ❤️ 1,284 | 🔖 92 | ↗️ 144 | Posts:1 Stories:— Reels:11
   📋 22 campanhas sincronizadas (20 ativas)
   📊 15 campanhas salvas em campaign_insights (0D)
   📊 18 campanhas salvas em campaign_insights (1D)
   📊 19 campanhas salvas em campaign_insights (7D)
   📊 20 campanhas salvas em campaign_insights (14D)
   📊 25 campanhas salvas em campaign_insights (30D)

📊 Coletando: Breno Vale (17841401284454639)
   Seguidores: 22,398
   Stories ativos: 6 | ↗️ 11 encaminh. | 💬 15 DMs
    0D → ❤️ 33 | 🔖 5 | ↗️ 5 | Posts:0 Stories:6 Reels:1
    1D → ❤️ 105 | 🔖 14 | ↗️ 13 | Posts:0 Stories:6 Reels:2
    7D → ❤️ 138 | 🔖 19 | ↗️ 18 | Posts:0 Stories:— Reels:3
   14D → ❤️ 138 | 🔖 19 | ↗️ 18 | Posts:0 Stories:— Reels:3
   30D → ❤️ 138 | 🔖 19 | ↗️ 18 | Posts:0 Stories:— Reels:3
   📋 17 campanhas sincronizadas (17 ativas)
   📊 17 campanhas salvas em campaign_insights (0D)
   📊 17 campanhas salvas em campaign_insights (1D)
   📊 17 campanhas salvas em campaign_insights (7D)
   📊 17 campanhas salvas em campaign_insights (14D)
   📊 22 campanhas salvas em campaign_insights (30D)

📊 Coletando: Mantova Móveis (17841406451230767)
   Seguidores: 13,032
   Stories ativos: 0 | ↗️ 0 encaminh. | 💬 0 DMs
    0D → ❤️ 0 | 🔖 0 | ↗️ 0 | Posts:0 Stories:0 Reels:0
    1D → ❤️ 0 | 🔖 0 | ↗️ 0 | Posts:0 Stories:0 Reels:0
    7D → ❤️ 0 | 🔖 0 | ↗️ 0 | Posts:0 Stories:— Reels:0
   14D → ❤️ 0 | 🔖 0 | ↗️ 0 | Posts:0 Stories:— Reels:0
   30D → ❤️ 55 | 🔖 1 | ↗️ 4 | Posts:0 Stories:— Reels:1

📊 Coletando: Motoeasy (17841464138609037)
   Seguidores: 9,277
   Stories ativos: 0 | ↗️ 0 encaminh. | 💬 0 DMs
    0D → ❤️ 0 | 🔖 0 | ↗️ 0 | Posts:0 Stories:0 Reels:0
    1D → ❤️ 0 | 🔖 0 | ↗️ 0 | Posts:0 Stories:0 Reels:0
    7D → ❤️ 0 | 🔖 0 | ↗️ 0 | Posts:0 Stories:— Reels:0
   14D → ❤️ 0 | 🔖 0 | ↗️ 0 | Posts:0 Stories:— Reels:0
   30D → ❤️ 0 | 🔖 0 | ↗️ 0 | Posts:0 Stories:— Reels:0
   📋 5 campanhas sincronizadas (3 ativas)
   📊 3 campanhas salvas em campaign_insights (0D)
   📊 3 campanhas salvas em campaign_insights (1D)
   📊 3 campanhas salvas em campaign_insights (7D)
   📊 3 campanhas salvas em campaign_insights (14D)
   📊 4 campanhas salvas em campaign_insights (30D)

📊 Coletando: Vessel (17841462952561833)
   Seguidores: 13,909
   Stories ativos: 0 | ↗️ 0 encaminh. | 💬 0 DMs
    0D → ❤️ 0 | 🔖 0 | ↗️ 0 | Posts:0 Stories:0 Reels:0
    1D → ❤️ 0 | 🔖 0 | ↗️ 0 | Posts:0 Stories:0 Reels:0
    7D → ❤️ 0 | 🔖 0 | ↗️ 0 | Posts:0 Stories:— Reels:0
   14D → ❤️ 0 | 🔖 0 | ↗️ 0 | Posts:0 Stories:— Reels:0
   30D → ❤️ 0 | 🔖 0 | ↗️ 0 | Posts:0 Stories:— Reels:0
   📋 91 campanhas sincronizadas (0 ativas)
   📊 1 campanhas salvas em campaign_insights (0D)
   📊 1 campanhas salvas em campaign_insights (1D)
   📊 1 campanhas salvas em campaign_insights (7D)
   📊 2 campanhas salvas em campaign_insights (14D)
   📊 11 campanhas salvas em campaign_insights (30D)

🔄 Renovando tokens do Instagram...
   ✅ TOKEN_RAISSA renovado
   ✅ TOKEN_BRENO renovado
   ✅ TOKEN_MANTOVA renovado
   ✅ TOKEN_VESSEL renovado
   ✅ TOKEN_MOTOEASY renovado
   📝 .env atualizado com tokens renovados

✅ Concluído!
